:task_name:create_ray_workflow
:task_name:_workflow_task_executor_remote
