:job_id:01000000
:task_name:_workflow_task_executor_remote
ORQ-MARKER:{"event": "task_start", "timestamp": "2023-06-28T09:46:49.772384+02:00", "wf_run_id": "wf.wf_using_python_imports.1472d35", "task_inv_id": "invocation-1-task-add-with-log"}
hello, there!
ORQ-MARKER:{"event": "task_end", "timestamp": "2023-06-28T09:46:49.774023+02:00", "wf_run_id": "wf.wf_using_python_imports.1472d35", "task_inv_id": "invocation-1-task-add-with-log"}
:task_name:_workflow_task_executor_remote
:task_name:_workflow_task_executor_remote
