:job_id:01000000
:task_name:_workflow_task_executor_remote
:task_name:_workflow_task_executor_remote
:task_name:_workflow_task_executor_remote
